# Tests that a graph can be created, a single node added and
# a second node added. Then tests by adding the same node
# (should not be added) 

# Create a graph
created graph graph1

# Add a node
added node n1 to graph1

# Add another node
added node n2 to graph1

# Add the same node as before
added node n2 to graph1