# Tests that a graph can be created, a single node added and
# a second node added. Then tests by adding the same node
# (no change to the graph). View at each stage.

# Create a graph
created graph graph1

# Print the nodes in the graph
graph1 contains:

# Add a node
added node n1 to graph1

# Print the nodes in the graph
graph1 contains: n1

# Add another node
added node n2 to graph1

# Print the nodes in the graph
graph1 contains: n1 n2

# Add the same node as before
added node n2 to graph1

# Print the nodes in the graph
graph1 contains: n1 n2